// Jest Snapshot v1, https://goo.gl/fbAQLP

exports[`Upload Media Component should render the component 1`] = `
<div
  className="backdrop hidden"
>
  <div
    className="modalWrap"
  >
    <header
      className="modalHeader"
    >
      <H3
        className=""
      >
        Upload Media
      </H3>
      <a>
        <Icon
          className=""
          viewBoxHeight={50}
          viewBoxWidth={50}
        >
          <path
            d="M27.3,24.9L48.1,4.1c0.7-0.7,0.7-1.9,0-2.6c-0.7-0.7-1.9-0.7-2.6,0L24.8,22.3L4.1,1.7c-0.7-0.7-1.9-0.7-2.6,0s-0.7,1.9,0,2.6l20.7,20.7L1.7,45.5c-0.7,0.7-0.7,1.9,0,2.6c0.4,0.4,0.8,0.5,1.3,0.5c0.5,0,0.9-0.2,1.3-0.5l20.6-20.6l20.7,20.7c0.4,0.4,0.8,0.5,1.3,0.5c0.5,0,0.9-0.2,1.3-0.5c0.7-0.7,0.7-1.9,0-2.6L27.3,24.9z"
          />
        </Icon>
      </a>
    </header>
    <div
      className="modalBody"
    >
      <t
        accept="video/*"
        activeClassName="dropzoneActive"
        className="dropzone"
        disableClick={false}
        disablePreview={false}
        disabled={false}
        maxSize={4294967296}
        minSize={0}
        multiple={true}
        onDrop={[Function]}
        preventDropOnDocument={true}
      >
        <H3
          className=""
        >
          Drag and drop file here
        </H3>
      </t>
      <div
        className="uploadFilesWrap"
      >
        <FlexContainer
          alignContent="flex-start"
          alignItems="center"
          className="uploadingFile"
          direction="row"
          justifyContent="flex-start"
          key="42"
          widthPercent={100}
          wrap="nowrap"
        >
          <P
            className=""
          >
            <span
              title="Mock File 1.mp4"
            >
              Filename: 
              Mock File 1.mp4
            </span>
          </P>
          <P
            className=""
          >
            <span>
              File Size: 
              400 MB
            </span>
          </P>
          <ProgressBar
            circular={false}
            loaded={40}
          />
        </FlexContainer>
        <FlexContainer
          alignContent="flex-start"
          alignItems="center"
          className="uploadingFile"
          direction="row"
          justifyContent="flex-start"
          key="58"
          widthPercent={100}
          wrap="nowrap"
        >
          <P
            className=""
          >
            <span
              title="Mock File 2.mp4"
            >
              Filename: 
              Mock File 2.mp4
            </span>
          </P>
          <P
            className=""
          >
            <span>
              File Size: 
              900 MB
            </span>
          </P>
          <ProgressBar
            circular={false}
            loaded={17}
          />
        </FlexContainer>
      </div>
    </div>
  </div>
</div>
`;
